Archive member included to satisfy reference by file (symbol)

C:\tools\NOV30\vpostype\Q161\lib\libQREncode.a(main.c.obj)
                              ./src/Card.o (QREncodeString)
C:\tools\NOV30\vpostype\Q161\lib\libQREncode.a(qrencode.c.obj)
                              C:\tools\NOV30\vpostype\Q161\lib\libQREncode.a(main.c.obj) (QRcode_free)
C:\tools\NOV30\vpostype\Q161\lib\libQREncode.a(qrinput.c.obj)
                              C:\tools\NOV30\vpostype\Q161\lib\libQREncode.a(qrencode.c.obj) (QRinput_new2)
C:\tools\NOV30\vpostype\Q161\lib\libQREncode.a(qrspec.c.obj)
                              C:\tools\NOV30\vpostype\Q161\lib\libQREncode.a(qrinput.c.obj) (QRspec_getDataLength)
C:\tools\NOV30\vpostype\Q161\lib\libQREncode.a(rscode.c.obj)
                              C:\tools\NOV30\vpostype\Q161\lib\libQREncode.a(qrencode.c.obj) (init_rs)
C:\tools\NOV30\vpostype\Q161\lib\libQREncode.a(split.c.obj)
                              C:\tools\NOV30\vpostype\Q161\lib\libQREncode.a(qrencode.c.obj) (Split_splitStringToQRinput)
C:\tools\NOV30\vpostype\Q161\lib\libQREncode.a(bitstream.c.obj)
                              C:\tools\NOV30\vpostype\Q161\lib\libQREncode.a(qrinput.c.obj) (BitStream_new)
C:\tools\NOV30\vpostype\Q161\lib\libQREncode.a(mask.c.obj)
                              C:\tools\NOV30\vpostype\Q161\lib\libQREncode.a(qrencode.c.obj) (Mask_mask)
C:\tools\NOV30\vpostype\Q161\lib\libQREncode.a(mmask.c.obj)
                              C:\tools\NOV30\vpostype\Q161\lib\libQREncode.a(qrencode.c.obj) (MMask_mask)
C:\tools\NOV30\vpostype\Q161\lib\libQREncode.a(mqrspec.c.obj)
                              C:\tools\NOV30\vpostype\Q161\lib\libQREncode.a(qrencode.c.obj) (MQRspec_getDataLengthBit)
C:\tools\NOV30\vpostype\Q161\lib\libimageCore.a(fun.c.obj)
                              ./src/Card.o (ScrDispImage_Api)
C:\tools\NOV30\vpostype\Q161\lib\libimageCore.a(jpg.c.obj)
                              C:\tools\NOV30\vpostype\Q161\lib\libimageCore.a(fun.c.obj) (ShowJpegFile)
C:\tools\NOV30\vpostype\Q161\lib\libimageCore.a(bmp.c.obj)
                              C:\tools\NOV30\vpostype\Q161\lib\libimageCore.a(fun.c.obj) (ShowBmpMemBuf)
C:\tools\NOV30\vpostype\Q161\lib\libmqttClient.a(MQTTClient.c.obj)
                              ./src/mqtt.o (MQTTClientInit)
C:\tools\NOV30\vpostype\Q161\lib\libmqttClient.a(MQTTConnectClient.c.obj)
                              C:\tools\NOV30\vpostype\Q161\lib\libmqttClient.a(MQTTClient.c.obj) (MQTTSerialize_connect)
C:\tools\NOV30\vpostype\Q161\lib\libmqttClient.a(MQTTDeserializePublish.c.obj)
                              C:\tools\NOV30\vpostype\Q161\lib\libmqttClient.a(MQTTClient.c.obj) (MQTTDeserialize_publish)
C:\tools\NOV30\vpostype\Q161\lib\libmqttClient.a(MQTTFreeRTOS.c.obj)
                              C:\tools\NOV30\vpostype\Q161\lib\libmqttClient.a(MQTTClient.c.obj) (MutexInit)
C:\tools\NOV30\vpostype\Q161\lib\libmqttClient.a(MQTTPacket.c.obj)
                              C:\tools\NOV30\vpostype\Q161\lib\libmqttClient.a(MQTTClient.c.obj) (MQTTPacket_encode)
C:\tools\NOV30\vpostype\Q161\lib\libmqttClient.a(MQTTSerializePublish.c.obj)
                              C:\tools\NOV30\vpostype\Q161\lib\libmqttClient.a(MQTTClient.c.obj) (MQTTSerialize_publish)
C:\tools\NOV30\vpostype\Q161\lib\libmqttClient.a(MQTTSubscribeClient.c.obj)
                              C:\tools\NOV30\vpostype\Q161\lib\libmqttClient.a(MQTTClient.c.obj) (MQTTSerialize_subscribe)
C:\tools\NOV30\vpostype\Q161\lib\libmqttClient.a(MQTTUnsubscribeClient.c.obj)
                              C:\tools\NOV30\vpostype\Q161\lib\libmqttClient.a(MQTTClient.c.obj) (MQTTSerialize_unsubscribe)
C:\gcc-arm-none-eabi\libc\libc.a(lib_a-atoi.o)
                              ./src/httpDownload.o (atoi)
C:\gcc-arm-none-eabi\libc\libc.a(lib_a-errno.o)
                              C:\tools\NOV30\vpostype\Q161\lib\libQREncode.a(qrencode.c.obj) (__errno)
C:\gcc-arm-none-eabi\libc\libc.a(lib_a-impure.o)
                              C:\gcc-arm-none-eabi\libc\libc.a(lib_a-errno.o) (_impure_ptr)
C:\gcc-arm-none-eabi\libc\libc.a(lib_a-strcasecmp.o)
                              ./src/httpDownload.o (strcasecmp)
C:\gcc-arm-none-eabi\libc\libc.a(lib_a-strrchr.o)
                              C:\tools\NOV30\vpostype\Q161\lib\libimageCore.a(fun.c.obj) (strrchr)
C:\gcc-arm-none-eabi\libc\libc.a(lib_a-strtol.o)
                              C:\gcc-arm-none-eabi\libc\libc.a(lib_a-atoi.o) (_strtol_r)
C:\gcc-arm-none-eabi\libc\libc.a(lib_a-ctype_.o)
                              C:\gcc-arm-none-eabi\libc\libc.a(lib_a-strcasecmp.o) (_ctype_)
C:\gcc-arm-none-eabi\lib\gcc\arm-none-eabi\7.2.1\thumb\v7-ar\fpv3\hard\libgcc.a(_udivsi3.o)
                              C:\tools\NOV30\vpostype\Q161\lib\libQREncode.a(mask.c.obj) (__aeabi_uidivmod)
C:\gcc-arm-none-eabi\lib\gcc\arm-none-eabi\7.2.1\thumb\v7-ar\fpv3\hard\libgcc.a(_divsi3.o)
                              ./src/Card.o (__aeabi_idiv)
[...]
Memory Configuration

Name             Origin             Length             Attributes
flash            0x60334000         0x0012c000         xr
ram              0x80f00000         0x00100000         xrw
*default*        0x00000000         0xffffffff

Linker script and memory map

LOAD ./src/Card.o
LOAD ./src/EmvCommon.o
LOAD ./src/display.o
LOAD ./src/file.o
LOAD ./src/func.o
LOAD ./src/httpDownload.o
LOAD ./src/main.o
LOAD ./src/monitor.o
LOAD ./src/mqtt.o
LOAD ./src/network.o
LOAD ./src/param.o
LOAD ./src/sound.o
LOAD ./src/tms.o
LOAD C:\tools\NOV30\vpostype\Q161\inits\core_stub.o
LOAD C:\tools\NOV30\vpostype\Q161\lib\libQREncode.a
LOAD C:\tools\NOV30\vpostype\Q161\lib\libimageCore.a
LOAD C:\tools\NOV30\vpostype\Q161\lib\libmbedtls.a
LOAD C:\tools\NOV30\vpostype\Q161\lib\libmqttClient.a
LOAD C:\gcc-arm-none-eabi\libc\libc.a
LOAD C:\gcc-arm-none-eabi\libc\libm.a
LOAD C:\gcc-arm-none-eabi\lib\gcc\arm-none-eabi\7.2.1\thumb\v7-ar\fpv3\hard\libgcc.a
                0x00000000                PROVIDE (appimg_get_param, 0x0)
                0x00000000                PROVIDE (appimg_set_param, 0x0)
                0x60334000                . = ORIGIN (flash)
                0x60334000                __flash_start = .

.imageheader    0x60334000       0x80
                0x60334000        0x4 LONG 0x41505032
                0x60334004        0x4 LONG 0x0
                0x60334008        0x4 LONG 0x0
 *(.rodata.core_stub.header)
 .rodata.core_stub.header
                0x6033400c       0x14 C:\tools\NOV30\vpostype\Q161\inits\core_stub.o
                0x6033400c                gAppImageCoreHeader
                0x60334020        0x4 LONG 0x2
                0x60334024        0x4 LONG 0x80 (__corestub_load_start - __flash_start)
                0x60334028        0x4 LONG 0x0 (__corestub_end - __corestub_start)
                0x6033402c        0x4 LONG 0x80f00000 __corestub_start
                0x60334030        0x4 LONG 0x4
                0x60334034        0x4 LONG 0x80 (__text_load_start - __flash_start)
                0x60334038        0x4 LONG 0x0 (__text_end - __text_start)
                0x6033403c        0x4 LONG 0x60334080 __text_start
                0x60334040        0x4 LONG 0x4
                0x60334044        0x4 LONG 0x80 (__init_array_load_start - __flash_start)
                0x60334048        0x4 LONG 0x0 (__init_array_end - __init_array_start)
                0x6033404c        0x4 LONG 0x60334080 __init_array_start
                0x60334050        0x4 LONG 0x1
                0x60334054        0x4 LONG 0x80 (__data_load_start - __flash_start)
                0x60334058        0x4 LONG 0x0 (__data_end - __data_start)
                0x6033405c        0x4 LONG 0x80f00000 __data_start
                0x60334060        0x4 LONG 0x3
                0x60334064        0x4 LONG 0x0
                0x60334068        0x4 LONG 0x0 (__bss_end - __bss_start)
                0x6033406c        0x4 LONG 0x80f00000 __bss_start
                0x60334070        0x4 LONG 0x0
                0x60334074        0x4 LONG 0x0
                0x60334078        0x4 LONG 0x0
                0x6033407c        0x4 LONG 0x0
                0x00000001                ASSERT ((SIZEOF (.imageheader) == 0x80), invalid app image header)
                0x80f00000                . = ORIGIN (ram)
                0x80f00000                __ram_start = .

.corestub       0x80f00000        0x0 load address 0x60334080
                0x80f00000                __corestub_start = .
 *(.text.core_stub.*)
                0x80f00000                __corestub_end = .
                0x80f00000                . = ALIGN (0x20)
                0x60334080                __corestub_load_start = LOADADDR (.corestub)

.data           0x80f00000        0x0 load address 0x60334080
                0x80f00000                __data_start = .
 *(.data .data.* .gnu.linkonce.d.*)
                0x80f00000                __data_end = .
                0x80f00000                . = ALIGN (0x20)
                0x60334080                __data_load_start = LOADADDR (.data)

.igot.plt       0x60334080        0x0
 .igot.plt      0x60334080        0x0 C:\tools\NOV30\vpostype\Q161\inits\core_stub.o

.bss            0x80f00000        0x0
                0x80f00000                __bss_start = .
 *(.bss .bss.* COMMON .scommon .sbss .sbss.* .sbss2 .sbss2.* .gnu.linkonce.b.*)
                0x80f00000                __bss_end = .
                0x80f00000                . = ALIGN (0x20)
                0x60334080                . = ((LOADADDR (.corestub) + SIZEOF (.corestub)) + SIZEOF (.data))

.text           0x60334080        0x0
                0x60334080                __text_start = .
 *(.text .text.* .gnu.linkonce.t.* .rdata .rodata .rodata.* .gnu.linkonce.r.* .glue_7 .glue_7t .vfp11_veneer .v4_bx)
 .glue_7        0x60334080        0x0 linker stubs
 .glue_7t       0x60334080        0x0 linker stubs
 .vfp11_veneer  0x60334080        0x0 linker stubs
 .v4_bx         0x60334080        0x0 linker stubs
                0x60334080                __text_end = .
                0x60334080                . = ALIGN (0x20)
                0x60334080                __text_load_start = LOADADDR (.text)

.iplt           0x60334080        0x0
 .iplt          0x60334080        0x0 C:\tools\NOV30\vpostype\Q161\inits\core_stub.o

.rel.dyn        0x60334080        0x0
 .rel.iplt      0x60334080        0x0 C:\tools\NOV30\vpostype\Q161\inits\core_stub.o

.init_array     0x60334080        0x0
                0x60334080                __init_array_start = .
 *(.init_array*)
                0x60334080                __init_array_end = .
                0x60334080                . = ALIGN (0x20)
                0x60334080                __init_array_load_start = LOADADDR (.init_array)
                0x60334080                __flash_end = (ADDR (.init_array) + SIZEOF (.init_array))
                0x80f00000                __ram_end = (ADDR (.bss) + SIZEOF (.bss))
                0x00000001                ASSERT ((__flash_end <= (ORIGIN (flash) + LENGTH (flash))), FLASH overflow)
                0x00000001                ASSERT ((__ram_end <= (ORIGIN (ram) + LENGTH (ram))), RAM overflow)

.comment
 *(.comment)

.ARM.attributes
                0x00000000       0x3b
 .ARM.attributes
                0x00000000       0x2b C:\tools\NOV30\vpostype\Q161\inits\core_stub.o

/DISCARD/
 *(.dynstr*)
 *(.dynamic*)
 *(.plt*)
 *(.interp*)
 *(.gnu*)
OUTPUT(Demo.elf elf32-littlearm)
